// Vitest Snapshot v1, https://vitest.dev/guide/snapshot.html

exports[`prisma utils > generates schema 1`] = `
"input CommentFilter {
  createdAt: DateTime
}

input CommentListFilter {
  some: CommentFilter
}

scalar DateTime

input IntFilter {
  equals: Int
  not: IntFilter
}

enum OrderBy {
  Asc
  Desc
}

type Post {
  id: ID!
}

input PostFilter {
  author: UserFilter

  \\"\\"\\"filter by author id\\"\\"\\"
  authorId: IntFilter
  comments: CommentListFilter
  createdAt: DateTime
  id: IntFilter
  title: String
}

input PostOrderBy {
  author: UserOrderBy
  createdAt: OrderBy
  id: OrderBy
  title: OrderBy
}

input ProfileOrderBy {
  bio: OrderBy
  user: UserOrderBy
}

type Query {
  post(list: StringListFilter, title: StringFilter): Post
  posts(filter: PostFilter, order: PostOrderBy): [Post!]!
}

input StringFilter {
  contains: String
  equals: String
  not: StringFilter
  startsWith: String
}

input StringListFilter {
  every: StringFilter
  none: StringFilter
  some: StringFilter
}

input UserFilter {
  NOT: UserFilter
  id: IntFilter
}

input UserOrderBy {
  name: OrderBy
  profile: ProfileOrderBy
}"
`;
